[v5] 2026-09-19 12:40:49 KST start hops=1 geometry=native
[sweep] algorithm=iql method=bar integrator=implicit hops=1 jobs=648 device=['0'] slots/gpu=1 concurrency=1
[sweep] tau_grid=0.050000000000000003 0.10000000000000001 0.20000000000000001 0.40000000000000002 0.69999999999999996 1.5 2.5 4 7 10 12 14 17 20 24 28 34 40
[provenance] wrote /home/choi/MPI_sweep/logs/iql_gauss_v5/SWEEP_PROVENANCE.json
[data] linked /home/choi/MPI_sweep/data/hopper_medium-v2.hdf5 -> /home/choi/.d4rl/datasets/hopper_medium-v2.hdf5
[data] ready /home/choi/MPI_sweep/data/hopper_medium-v2.hdf5
[data] linked /home/choi/MPI_sweep/data/hopper_medium_replay-v2.hdf5 -> /home/choi/.d4rl/datasets/hopper_medium_replay-v2.hdf5
[data] ready /home/choi/MPI_sweep/data/hopper_medium_replay-v2.hdf5
[data] linked /home/choi/MPI_sweep/data/hopper_expert-v2.hdf5 -> /home/choi/.d4rl/datasets/hopper_expert-v2.hdf5
[data] ready /home/choi/MPI_sweep/data/hopper_expert-v2.hdf5
[data] linked /home/choi/MPI_sweep/data/halfcheetah_medium-v2.hdf5 -> /home/choi/.d4rl/datasets/halfcheetah_medium-v2.hdf5
[data] ready /home/choi/MPI_sweep/data/halfcheetah_medium-v2.hdf5
[data] linked /home/choi/MPI_sweep/data/halfcheetah_medium_replay-v2.hdf5 -> /home/choi/.d4rl/datasets/halfcheetah_medium_replay-v2.hdf5
[data] ready /home/choi/MPI_sweep/data/halfcheetah_medium_replay-v2.hdf5
[data] linked /home/choi/MPI_sweep/data/halfcheetah_expert-v2.hdf5 -> /home/choi/.d4rl/datasets/halfcheetah_expert-v2.hdf5
[data] ready /home/choi/MPI_sweep/data/halfcheetah_expert-v2.hdf5
[data] linked /home/choi/MPI_sweep/data/walker2d_medium-v2.hdf5 -> /home/choi/.d4rl/datasets/walker2d_medium-v2.hdf5
[data] ready /home/choi/MPI_sweep/data/walker2d_medium-v2.hdf5
[data] linked /home/choi/MPI_sweep/data/walker2d_medium_replay-v2.hdf5 -> /home/choi/.d4rl/datasets/walker2d_medium_replay-v2.hdf5
[data] ready /home/choi/MPI_sweep/data/walker2d_medium_replay-v2.hdf5
[data] linked /home/choi/MPI_sweep/data/walker2d_expert-v2.hdf5 -> /home/choi/.d4rl/datasets/walker2d_expert-v2.hdf5
[data] ready /home/choi/MPI_sweep/data/walker2d_expert-v2.hdf5
[launch] gpu=0 hopper-medium-v2_iql_tau0.05_mpi1_seed0_202ed7bafba2 pid=4020402
