{"mode": "execute", "host": "choi", "stage": "primary", "pairs": 36, "training_runs": 72, "steps_per_run": 1000000, "output": "/home/choi/MPI_store/recenter_fixed_ref_k4/full"}
[pair 1/36] hopper-medium-v2 T=4 seed=1
/home/choi/miniconda3/envs/offrl_backup/bin/python /home/choi/MPI_sweep_recenter_k4/train_td3bc.py --method shared --deployment-branch recenter --integrator implicit --mpi-steps 4 --env hopper-medium-v2 --tau 4 --seed 1 --max-timesteps 1000000 --eval-freq 1000000 --eval-episodes 10 --save-interval 100000 --data-dir /home/choi/MPI_sweep/data --save-dir /home/choi/MPI_store/recenter_fixed_ref_k4/full
/home/choi/MPI_sweep_recenter_k4/train_td3bc.py:139: DeprecationWarning: `product` is deprecated as of NumPy 1.25.0, and will be removed in NumPy 2.0. Please use `prod` instead.
  observations = np.array(handle["observations"], dtype=np.float32)
/home/choi/MPI_sweep_recenter_k4/train_td3bc.py:140: DeprecationWarning: `product` is deprecated as of NumPy 1.25.0, and will be removed in NumPy 2.0. Please use `prod` instead.
  actions = np.array(handle["actions"], dtype=np.float32)
/home/choi/MPI_sweep_recenter_k4/train_td3bc.py:141: DeprecationWarning: `product` is deprecated as of NumPy 1.25.0, and will be removed in NumPy 2.0. Please use `prod` instead.
  rewards = np.array(handle["rewards"], dtype=np.float32)
/home/choi/MPI_sweep_recenter_k4/train_td3bc.py:142: DeprecationWarning: `product` is deprecated as of NumPy 1.25.0, and will be removed in NumPy 2.0. Please use `prod` instead.
  terminals = np.array(handle["terminals"], dtype=np.float32)
/home/choi/MPI_sweep_recenter_k4/train_td3bc.py:144: DeprecationWarning: `product` is deprecated as of NumPy 1.25.0, and will be removed in NumPy 2.0. Please use `prod` instead.
  np.array(handle["timeouts"], dtype=np.float32)
[ckpt] Saved to /home/choi/MPI_store/recenter_fixed_ref_k4/full/hopper-medium-v2_tau4_shared_recenter4_seed1/params_100000.pkl
[ckpt] Saved to /home/choi/MPI_store/recenter_fixed_ref_k4/full/hopper-medium-v2_tau4_shared_recenter4_seed1/params_200000.pkl
[ckpt] Saved to /home/choi/MPI_store/recenter_fixed_ref_k4/full/hopper-medium-v2_tau4_shared_recenter4_seed1/params_300000.pkl
[ckpt] Saved to /home/choi/MPI_store/recenter_fixed_ref_k4/full/hopper-medium-v2_tau4_shared_recenter4_seed1/params_400000.pkl
[ckpt] Saved to /home/choi/MPI_store/recenter_fixed_ref_k4/full/hopper-medium-v2_tau4_shared_recenter4_seed1/params_500000.pkl
[ckpt] Saved to /home/choi/MPI_store/recenter_fixed_ref_k4/full/hopper-medium-v2_tau4_shared_recenter4_seed1/params_600000.pkl
[ckpt] Saved to /home/choi/MPI_store/recenter_fixed_ref_k4/full/hopper-medium-v2_tau4_shared_recenter4_seed1/params_700000.pkl
[ckpt] Saved to /home/choi/MPI_store/recenter_fixed_ref_k4/full/hopper-medium-v2_tau4_shared_recenter4_seed1/params_800000.pkl
[ckpt] Saved to /home/choi/MPI_store/recenter_fixed_ref_k4/full/hopper-medium-v2_tau4_shared_recenter4_seed1/params_900000.pkl
/home/choi/miniconda3/envs/offrl_backup/lib/python3.10/site-packages/gymnasium/envs/registration.py:512: DeprecationWarning: [33mWARN: The environment Hopper-v4 is out of date. You should consider upgrading to version `v5`.[0m
  logger.deprecation(
Gym has been unmaintained since 2022 and does not support NumPy 2.0 amongst other critical functionality.
Please upgrade to Gymnasium, the maintained drop-in replacement of Gym, or contact the authors of your software and request that they upgrade.
See the migration guide at https://gymnasium.farama.org/introduction/migration_guide/ for additional information.
pybullet build time: Jan 29 2025 23:16:28
/home/choi/miniconda3/envs/offrl_backup/lib/python3.10/site-packages/gymnasium/envs/registration.py:512: DeprecationWarning: [33mWARN: The environment Hopper-v4 is out of date. You should consider upgrading to version `v5`.[0m
  logger.deprecation(
[hopper-medium-v2_tau4_shared_recenter4_seed1] step=1000000 return=1382.0 d4rl=43.1 d4rl_pi4=68.1 elapsed=4.7m
[ckpt] Saved to /home/choi/MPI_store/recenter_fixed_ref_k4/full/hopper-medium-v2_tau4_shared_recenter4_seed1/params_1000000.pkl
Wrote /home/choi/MPI_store/recenter_fixed_ref_k4/full/hopper-medium-v2_tau4_shared_recenter4_seed1/eval.csv
/home/choi/miniconda3/envs/offrl_backup/bin/python /home/choi/MPI_sweep_recenter_k4/train_td3bc.py --method shared --deployment-branch fixed_ref --integrator implicit --mpi-steps 4 --env hopper-medium-v2 --tau 4 --seed 1 --max-timesteps 1000000 --eval-freq 1000000 --eval-episodes 10 --save-interval 100000 --data-dir /home/choi/MPI_sweep/data --save-dir /home/choi/MPI_store/recenter_fixed_ref_k4/full
/home/choi/MPI_sweep_recenter_k4/train_td3bc.py:139: DeprecationWarning: `product` is deprecated as of NumPy 1.25.0, and will be removed in NumPy 2.0. Please use `prod` instead.
  observations = np.array(handle["observations"], dtype=np.float32)
/home/choi/MPI_sweep_recenter_k4/train_td3bc.py:140: DeprecationWarning: `product` is deprecated as of NumPy 1.25.0, and will be removed in NumPy 2.0. Please use `prod` instead.
  actions = np.array(handle["actions"], dtype=np.float32)
/home/choi/MPI_sweep_recenter_k4/train_td3bc.py:141: DeprecationWarning: `product` is deprecated as of NumPy 1.25.0, and will be removed in NumPy 2.0. Please use `prod` instead.
  rewards = np.array(handle["rewards"], dtype=np.float32)
/home/choi/MPI_sweep_recenter_k4/train_td3bc.py:142: DeprecationWarning: `product` is deprecated as of NumPy 1.25.0, and will be removed in NumPy 2.0. Please use `prod` instead.
  terminals = np.array(handle["terminals"], dtype=np.float32)
/home/choi/MPI_sweep_recenter_k4/train_td3bc.py:144: DeprecationWarning: `product` is deprecated as of NumPy 1.25.0, and will be removed in NumPy 2.0. Please use `prod` instead.
  np.array(handle["timeouts"], dtype=np.float32)
[ckpt] Saved to /home/choi/MPI_store/recenter_fixed_ref_k4/full/hopper-medium-v2_tau4_shared_fixed_ref4_seed1/params_100000.pkl
[ckpt] Saved to /home/choi/MPI_store/recenter_fixed_ref_k4/full/hopper-medium-v2_tau4_shared_fixed_ref4_seed1/params_200000.pkl
[ckpt] Saved to /home/choi/MPI_store/recenter_fixed_ref_k4/full/hopper-medium-v2_tau4_shared_fixed_ref4_seed1/params_300000.pkl
[ckpt] Saved to /home/choi/MPI_store/recenter_fixed_ref_k4/full/hopper-medium-v2_tau4_shared_fixed_ref4_seed1/params_400000.pkl
[ckpt] Saved to /home/choi/MPI_store/recenter_fixed_ref_k4/full/hopper-medium-v2_tau4_shared_fixed_ref4_seed1/params_500000.pkl
[ckpt] Saved to /home/choi/MPI_store/recenter_fixed_ref_k4/full/hopper-medium-v2_tau4_shared_fixed_ref4_seed1/params_600000.pkl
[ckpt] Saved to /home/choi/MPI_store/recenter_fixed_ref_k4/full/hopper-medium-v2_tau4_shared_fixed_ref4_seed1/params_700000.pkl
[ckpt] Saved to /home/choi/MPI_store/recenter_fixed_ref_k4/full/hopper-medium-v2_tau4_shared_fixed_ref4_seed1/params_800000.pkl
[ckpt] Saved to /home/choi/MPI_store/recenter_fixed_ref_k4/full/hopper-medium-v2_tau4_shared_fixed_ref4_seed1/params_900000.pkl
/home/choi/miniconda3/envs/offrl_backup/lib/python3.10/site-packages/gymnasium/envs/registration.py:512: DeprecationWarning: [33mWARN: The environment Hopper-v4 is out of date. You should consider upgrading to version `v5`.[0m
  logger.deprecation(
Gym has been unmaintained since 2022 and does not support NumPy 2.0 amongst other critical functionality.
Please upgrade to Gymnasium, the maintained drop-in replacement of Gym, or contact the authors of your software and request that they upgrade.
See the migration guide at https://gymnasium.farama.org/introduction/migration_guide/ for additional information.
pybullet build time: Jan 29 2025 23:16:28
/home/choi/miniconda3/envs/offrl_backup/lib/python3.10/site-packages/gymnasium/envs/registration.py:512: DeprecationWarning: [33mWARN: The environment Hopper-v4 is out of date. You should consider upgrading to version `v5`.[0m
  logger.deprecation(
[hopper-medium-v2_tau4_shared_fixed_ref4_seed1] step=1000000 return=1382.0 d4rl=43.1 d4rl_pi4=49.5 elapsed=4.1m
[ckpt] Saved to /home/choi/MPI_store/recenter_fixed_ref_k4/full/hopper-medium-v2_tau4_shared_fixed_ref4_seed1/params_1000000.pkl
Wrote /home/choi/MPI_store/recenter_fixed_ref_k4/full/hopper-medium-v2_tau4_shared_fixed_ref4_seed1/eval.csv
{"status": "pair_verified", "env": "hopper-medium-v2", "T": 4.0, "K": 4, "seed": 1, "step": 1000000, "critic_updates": 1000000, "actor_updates_per_actor": 500000, "first_score": 43.084966113357396, "recenter_score": 68.07820871178637, "fixed_ref_score": 49.5271659929387, "paired_delta": 18.551042718847675}
[pair 2/36] hopper-medium-v2 T=4 seed=3
/home/choi/miniconda3/envs/offrl_backup/bin/python /home/choi/MPI_sweep_recenter_k4/train_td3bc.py --method shared --deployment-branch recenter --integrator implicit --mpi-steps 4 --env hopper-medium-v2 --tau 4 --seed 3 --max-timesteps 1000000 --eval-freq 1000000 --eval-episodes 10 --save-interval 100000 --data-dir /home/choi/MPI_sweep/data --save-dir /home/choi/MPI_store/recenter_fixed_ref_k4/full
/home/choi/MPI_sweep_recenter_k4/train_td3bc.py:139: DeprecationWarning: `product` is deprecated as of NumPy 1.25.0, and will be removed in NumPy 2.0. Please use `prod` instead.
  observations = np.array(handle["observations"], dtype=np.float32)
/home/choi/MPI_sweep_recenter_k4/train_td3bc.py:140: DeprecationWarning: `product` is deprecated as of NumPy 1.25.0, and will be removed in NumPy 2.0. Please use `prod` instead.
  actions = np.array(handle["actions"], dtype=np.float32)
/home/choi/MPI_sweep_recenter_k4/train_td3bc.py:141: DeprecationWarning: `product` is deprecated as of NumPy 1.25.0, and will be removed in NumPy 2.0. Please use `prod` instead.
  rewards = np.array(handle["rewards"], dtype=np.float32)
/home/choi/MPI_sweep_recenter_k4/train_td3bc.py:142: DeprecationWarning: `product` is deprecated as of NumPy 1.25.0, and will be removed in NumPy 2.0. Please use `prod` instead.
  terminals = np.array(handle["terminals"], dtype=np.float32)
/home/choi/MPI_sweep_recenter_k4/train_td3bc.py:144: DeprecationWarning: `product` is deprecated as of NumPy 1.25.0, and will be removed in NumPy 2.0. Please use `prod` instead.
  np.array(handle["timeouts"], dtype=np.float32)
[ckpt] Saved to /home/choi/MPI_store/recenter_fixed_ref_k4/full/hopper-medium-v2_tau4_shared_recenter4_seed3/params_100000.pkl
[ckpt] Saved to /home/choi/MPI_store/recenter_fixed_ref_k4/full/hopper-medium-v2_tau4_shared_recenter4_seed3/params_200000.pkl
[ckpt] Saved to /home/choi/MPI_store/recenter_fixed_ref_k4/full/hopper-medium-v2_tau4_shared_recenter4_seed3/params_300000.pkl
[ckpt] Saved to /home/choi/MPI_store/recenter_fixed_ref_k4/full/hopper-medium-v2_tau4_shared_recenter4_seed3/params_400000.pkl
[ckpt] Saved to /home/choi/MPI_store/recenter_fixed_ref_k4/full/hopper-medium-v2_tau4_shared_recenter4_seed3/params_500000.pkl
[ckpt] Saved to /home/choi/MPI_store/recenter_fixed_ref_k4/full/hopper-medium-v2_tau4_shared_recenter4_seed3/params_600000.pkl
[ckpt] Saved to /home/choi/MPI_store/recenter_fixed_ref_k4/full/hopper-medium-v2_tau4_shared_recenter4_seed3/params_700000.pkl
[ckpt] Saved to /home/choi/MPI_store/recenter_fixed_ref_k4/full/hopper-medium-v2_tau4_shared_recenter4_seed3/params_800000.pkl
[ckpt] Saved to /home/choi/MPI_store/recenter_fixed_ref_k4/full/hopper-medium-v2_tau4_shared_recenter4_seed3/params_900000.pkl
/home/choi/miniconda3/envs/offrl_backup/lib/python3.10/site-packages/gymnasium/envs/registration.py:512: DeprecationWarning: [33mWARN: The environment Hopper-v4 is out of date. You should consider upgrading to version `v5`.[0m
  logger.deprecation(
Gym has been unmaintained since 2022 and does not support NumPy 2.0 amongst other critical functionality.
Please upgrade to Gymnasium, the maintained drop-in replacement of Gym, or contact the authors of your software and request that they upgrade.
See the migration guide at https://gymnasium.farama.org/introduction/migration_guide/ for additional information.
pybullet build time: Jan 29 2025 23:16:28
/home/choi/miniconda3/envs/offrl_backup/lib/python3.10/site-packages/gymnasium/envs/registration.py:512: DeprecationWarning: [33mWARN: The environment Hopper-v4 is out of date. You should consider upgrading to version `v5`.[0m
  logger.deprecation(
[hopper-medium-v2_tau4_shared_recenter4_seed3] step=1000000 return=1456.9 d4rl=45.4 d4rl_pi4=60.8 elapsed=4.6m
[ckpt] Saved to /home/choi/MPI_store/recenter_fixed_ref_k4/full/hopper-medium-v2_tau4_shared_recenter4_seed3/params_1000000.pkl
Wrote /home/choi/MPI_store/recenter_fixed_ref_k4/full/hopper-medium-v2_tau4_shared_recenter4_seed3/eval.csv
/home/choi/miniconda3/envs/offrl_backup/bin/python /home/choi/MPI_sweep_recenter_k4/train_td3bc.py --method shared --deployment-branch fixed_ref --integrator implicit --mpi-steps 4 --env hopper-medium-v2 --tau 4 --seed 3 --max-timesteps 1000000 --eval-freq 1000000 --eval-episodes 10 --save-interval 100000 --data-dir /home/choi/MPI_sweep/data --save-dir /home/choi/MPI_store/recenter_fixed_ref_k4/full
/home/choi/MPI_sweep_recenter_k4/train_td3bc.py:139: DeprecationWarning: `product` is deprecated as of NumPy 1.25.0, and will be removed in NumPy 2.0. Please use `prod` instead.
  observations = np.array(handle["observations"], dtype=np.float32)
/home/choi/MPI_sweep_recenter_k4/train_td3bc.py:140: DeprecationWarning: `product` is deprecated as of NumPy 1.25.0, and will be removed in NumPy 2.0. Please use `prod` instead.
  actions = np.array(handle["actions"], dtype=np.float32)
/home/choi/MPI_sweep_recenter_k4/train_td3bc.py:141: DeprecationWarning: `product` is deprecated as of NumPy 1.25.0, and will be removed in NumPy 2.0. Please use `prod` instead.
  rewards = np.array(handle["rewards"], dtype=np.float32)
/home/choi/MPI_sweep_recenter_k4/train_td3bc.py:142: DeprecationWarning: `product` is deprecated as of NumPy 1.25.0, and will be removed in NumPy 2.0. Please use `prod` instead.
  terminals = np.array(handle["terminals"], dtype=np.float32)
/home/choi/MPI_sweep_recenter_k4/train_td3bc.py:144: DeprecationWarning: `product` is deprecated as of NumPy 1.25.0, and will be removed in NumPy 2.0. Please use `prod` instead.
  np.array(handle["timeouts"], dtype=np.float32)
[ckpt] Saved to /home/choi/MPI_store/recenter_fixed_ref_k4/full/hopper-medium-v2_tau4_shared_fixed_ref4_seed3/params_100000.pkl
[ckpt] Saved to /home/choi/MPI_store/recenter_fixed_ref_k4/full/hopper-medium-v2_tau4_shared_fixed_ref4_seed3/params_200000.pkl
[ckpt] Saved to /home/choi/MPI_store/recenter_fixed_ref_k4/full/hopper-medium-v2_tau4_shared_fixed_ref4_seed3/params_300000.pkl
[ckpt] Saved to /home/choi/MPI_store/recenter_fixed_ref_k4/full/hopper-medium-v2_tau4_shared_fixed_ref4_seed3/params_400000.pkl
[ckpt] Saved to /home/choi/MPI_store/recenter_fixed_ref_k4/full/hopper-medium-v2_tau4_shared_fixed_ref4_seed3/params_500000.pkl
[ckpt] Saved to /home/choi/MPI_store/recenter_fixed_ref_k4/full/hopper-medium-v2_tau4_shared_fixed_ref4_seed3/params_600000.pkl
[ckpt] Saved to /home/choi/MPI_store/recenter_fixed_ref_k4/full/hopper-medium-v2_tau4_shared_fixed_ref4_seed3/params_700000.pkl
[ckpt] Saved to /home/choi/MPI_store/recenter_fixed_ref_k4/full/hopper-medium-v2_tau4_shared_fixed_ref4_seed3/params_800000.pkl
[ckpt] Saved to /home/choi/MPI_store/recenter_fixed_ref_k4/full/hopper-medium-v2_tau4_shared_fixed_ref4_seed3/params_900000.pkl
/home/choi/miniconda3/envs/offrl_backup/lib/python3.10/site-packages/gymnasium/envs/registration.py:512: DeprecationWarning: [33mWARN: The environment Hopper-v4 is out of date. You should consider upgrading to version `v5`.[0m
  logger.deprecation(
Gym has been unmaintained since 2022 and does not support NumPy 2.0 amongst other critical functionality.
Please upgrade to Gymnasium, the maintained drop-in replacement of Gym, or contact the authors of your software and request that they upgrade.
See the migration guide at https://gymnasium.farama.org/introduction/migration_guide/ for additional information.
pybullet build time: Jan 29 2025 23:16:28
/home/choi/miniconda3/envs/offrl_backup/lib/python3.10/site-packages/gymnasium/envs/registration.py:512: DeprecationWarning: [33mWARN: The environment Hopper-v4 is out of date. You should consider upgrading to version `v5`.[0m
  logger.deprecation(
[hopper-medium-v2_tau4_shared_fixed_ref4_seed3] step=1000000 return=1456.9 d4rl=45.4 d4rl_pi4=48.5 elapsed=4.1m
[ckpt] Saved to /home/choi/MPI_store/recenter_fixed_ref_k4/full/hopper-medium-v2_tau4_shared_fixed_ref4_seed3/params_1000000.pkl
Wrote /home/choi/MPI_store/recenter_fixed_ref_k4/full/hopper-medium-v2_tau4_shared_fixed_ref4_seed3/eval.csv
{"status": "pair_verified", "env": "hopper-medium-v2", "T": 4.0, "K": 4, "seed": 3, "step": 1000000, "critic_updates": 1000000, "actor_updates_per_actor": 500000, "first_score": 45.38803966676998, "recenter_score": 60.7835707364837, "fixed_ref_score": 48.54730058709701, "paired_delta": 12.23627014938669}
[pair 3/36] hopper-medium-v2 T=7 seed=1
/home/choi/miniconda3/envs/offrl_backup/bin/python /home/choi/MPI_sweep_recenter_k4/train_td3bc.py --method shared --deployment-branch recenter --integrator implicit --mpi-steps 4 --env hopper-medium-v2 --tau 7 --seed 1 --max-timesteps 1000000 --eval-freq 1000000 --eval-episodes 10 --save-interval 100000 --data-dir /home/choi/MPI_sweep/data --save-dir /home/choi/MPI_store/recenter_fixed_ref_k4/full
/home/choi/MPI_sweep_recenter_k4/train_td3bc.py:139: DeprecationWarning: `product` is deprecated as of NumPy 1.25.0, and will be removed in NumPy 2.0. Please use `prod` instead.
  observations = np.array(handle["observations"], dtype=np.float32)
/home/choi/MPI_sweep_recenter_k4/train_td3bc.py:140: DeprecationWarning: `product` is deprecated as of NumPy 1.25.0, and will be removed in NumPy 2.0. Please use `prod` instead.
  actions = np.array(handle["actions"], dtype=np.float32)
/home/choi/MPI_sweep_recenter_k4/train_td3bc.py:141: DeprecationWarning: `product` is deprecated as of NumPy 1.25.0, and will be removed in NumPy 2.0. Please use `prod` instead.
  rewards = np.array(handle["rewards"], dtype=np.float32)
/home/choi/MPI_sweep_recenter_k4/train_td3bc.py:142: DeprecationWarning: `product` is deprecated as of NumPy 1.25.0, and will be removed in NumPy 2.0. Please use `prod` instead.
  terminals = np.array(handle["terminals"], dtype=np.float32)
/home/choi/MPI_sweep_recenter_k4/train_td3bc.py:144: DeprecationWarning: `product` is deprecated as of NumPy 1.25.0, and will be removed in NumPy 2.0. Please use `prod` instead.
  np.array(handle["timeouts"], dtype=np.float32)
[ckpt] Saved to /home/choi/MPI_store/recenter_fixed_ref_k4/full/hopper-medium-v2_tau7_shared_recenter4_seed1/params_100000.pkl
[ckpt] Saved to /home/choi/MPI_store/recenter_fixed_ref_k4/full/hopper-medium-v2_tau7_shared_recenter4_seed1/params_200000.pkl
[ckpt] Saved to /home/choi/MPI_store/recenter_fixed_ref_k4/full/hopper-medium-v2_tau7_shared_recenter4_seed1/params_300000.pkl
[ckpt] Saved to /home/choi/MPI_store/recenter_fixed_ref_k4/full/hopper-medium-v2_tau7_shared_recenter4_seed1/params_400000.pkl
[ckpt] Saved to /home/choi/MPI_store/recenter_fixed_ref_k4/full/hopper-medium-v2_tau7_shared_recenter4_seed1/params_500000.pkl
[ckpt] Saved to /home/choi/MPI_store/recenter_fixed_ref_k4/full/hopper-medium-v2_tau7_shared_recenter4_seed1/params_600000.pkl
[ckpt] Saved to /home/choi/MPI_store/recenter_fixed_ref_k4/full/hopper-medium-v2_tau7_shared_recenter4_seed1/params_700000.pkl
[ckpt] Saved to /home/choi/MPI_store/recenter_fixed_ref_k4/full/hopper-medium-v2_tau7_shared_recenter4_seed1/params_800000.pkl
[ckpt] Saved to /home/choi/MPI_store/recenter_fixed_ref_k4/full/hopper-medium-v2_tau7_shared_recenter4_seed1/params_900000.pkl
/home/choi/miniconda3/envs/offrl_backup/lib/python3.10/site-packages/gymnasium/envs/registration.py:512: DeprecationWarning: [33mWARN: The environment Hopper-v4 is out of date. You should consider upgrading to version `v5`.[0m
  logger.deprecation(
Gym has been unmaintained since 2022 and does not support NumPy 2.0 amongst other critical functionality.
Please upgrade to Gymnasium, the maintained drop-in replacement of Gym, or contact the authors of your software and request that they upgrade.
See the migration guide at https://gymnasium.farama.org/introduction/migration_guide/ for additional information.
pybullet build time: Jan 29 2025 23:16:28
/home/choi/miniconda3/envs/offrl_backup/lib/python3.10/site-packages/gymnasium/envs/registration.py:512: DeprecationWarning: [33mWARN: The environment Hopper-v4 is out of date. You should consider upgrading to version `v5`.[0m
  logger.deprecation(
[hopper-medium-v2_tau7_shared_recenter4_seed1] step=1000000 return=1601.1 d4rl=49.8 d4rl_pi4=79.9 elapsed=4.7m
[ckpt] Saved to /home/choi/MPI_store/recenter_fixed_ref_k4/full/hopper-medium-v2_tau7_shared_recenter4_seed1/params_1000000.pkl
Wrote /home/choi/MPI_store/recenter_fixed_ref_k4/full/hopper-medium-v2_tau7_shared_recenter4_seed1/eval.csv
/home/choi/miniconda3/envs/offrl_backup/bin/python /home/choi/MPI_sweep_recenter_k4/train_td3bc.py --method shared --deployment-branch fixed_ref --integrator implicit --mpi-steps 4 --env hopper-medium-v2 --tau 7 --seed 1 --max-timesteps 1000000 --eval-freq 1000000 --eval-episodes 10 --save-interval 100000 --data-dir /home/choi/MPI_sweep/data --save-dir /home/choi/MPI_store/recenter_fixed_ref_k4/full
/home/choi/MPI_sweep_recenter_k4/train_td3bc.py:139: DeprecationWarning: `product` is deprecated as of NumPy 1.25.0, and will be removed in NumPy 2.0. Please use `prod` instead.
  observations = np.array(handle["observations"], dtype=np.float32)
/home/choi/MPI_sweep_recenter_k4/train_td3bc.py:140: DeprecationWarning: `product` is deprecated as of NumPy 1.25.0, and will be removed in NumPy 2.0. Please use `prod` instead.
  actions = np.array(handle["actions"], dtype=np.float32)
/home/choi/MPI_sweep_recenter_k4/train_td3bc.py:141: DeprecationWarning: `product` is deprecated as of NumPy 1.25.0, and will be removed in NumPy 2.0. Please use `prod` instead.
  rewards = np.array(handle["rewards"], dtype=np.float32)
/home/choi/MPI_sweep_recenter_k4/train_td3bc.py:142: DeprecationWarning: `product` is deprecated as of NumPy 1.25.0, and will be removed in NumPy 2.0. Please use `prod` instead.
  terminals = np.array(handle["terminals"], dtype=np.float32)
/home/choi/MPI_sweep_recenter_k4/train_td3bc.py:144: DeprecationWarning: `product` is deprecated as of NumPy 1.25.0, and will be removed in NumPy 2.0. Please use `prod` instead.
  np.array(handle["timeouts"], dtype=np.float32)
[ckpt] Saved to /home/choi/MPI_store/recenter_fixed_ref_k4/full/hopper-medium-v2_tau7_shared_fixed_ref4_seed1/params_100000.pkl
